// Jest Snapshot v1, https://goo.gl/fbAQLP

exports[`<Checkbox /> should render with label 1`] = ` `;
