// Jest Snapshot v1, https://goo.gl/fbAQLP

exports[`<BannerSlider /> should render vertical slider 1`] = ` `;
