// Jest Snapshot v1, https://goo.gl/fbAQLP

exports[`<Radio /> should render a white label 1`] = ` `;
